[19:28:14.372] thread.turn.start accepted in 32 ms
[19:28:14.397] message user: "Append a new line 'edited by the remote runner' to the end of notes.txt in the current directory. Do not touch other files. Reply with just: done"
[19:28:16.883] activity tool.started: Tool call started
[19:28:17.295] activity tool.completed: Tool call
[19:28:17.295] activity tool.updated: Tool call
[19:28:17.295] activity context-window.updated: Context window updated
[19:28:18.527] activity tool.started: File change started
[19:28:19.346] activity tool.completed: File change
[19:28:19.347] activity context-window.updated: Context window updated
[19:28:20.164] activity tool.started: File change started
[19:28:20.983] activity tool.updated: File change
[19:28:20.983] activity approval.requested: File-change approval requested
[19:28:20.983] activity context-window.updated: Context window updated
[19:28:20.983] approving ac2b0e64-0b8a-49f5-a365-0802d8d4c90a (File-change approval requested: Edit: {"file_path":"/tmp/proto-runner/control-checkout/notes.txt","old_string":")
[19:28:20.996] approval dispatched in 13 ms
[19:28:21.406] activity approval.resolved: Approval resolved
[19:28:21.406] activity tool.completed: File change
[19:28:22.261] activity context-window.updated: Context window updated
[19:28:22.261] activity checkpoint.captured: Checkpoint captured
[19:28:22.261] message assistant: "done"
[19:28:22.261] turn 4e8d8ef0-ec2c-4dc9-a221-fe36aaacc587 settled: completed after 7889 ms (first assistant text after 7889 ms)
{
  "latestTurn": {
    "turnId": "4e8d8ef0-ec2c-4dc9-a221-fe36aaacc587",
    "state": "completed",
    "requestedAt": "2026-09-25T19:28:14.346Z",
    "startedAt": "2026-09-25T19:28:14.346Z",
    "completedAt": "2026-09-25T19:28:21.959Z",
    "assistantMessageId": "assistant:12925a11-744f-4c46-875f-b3e3a101cad6"
  },
  "session": {
    "status": "ready",
    "activeTurnId": null,
    "lastError": null
  },
  "messageCount": 2,
  "activityCount": 11,
  "checkpoints": [
    {
      "turnCount": 1,
      "status": "ready",
      "ref": "refs/t3/checkpoints/dGhyZWFkLWVhYWU4ZjVhLWFhOGUtNGY0ZC1iYzdhLTdiNmExNTNhNjEyNw/turn/1",
      "files": [
        "notes.txt +1/-0"
      ]
    }
  ],
  "pendingApprovals": []
}
