[19:31:50.022] thread.turn.start accepted in 32 ms
[19:31:50.037] message user: "What is the capital of France? Reply with one word."
[19:31:52.517] activity context-window.updated: Context window updated
[19:31:52.517] message assistant: "Paris."
[19:31:52.929] activity checkpoint.captured: Checkpoint captured
[19:31:52.929] activity context-window.updated: Context window updated
[19:31:52.930] turn dcc58fc1-9dd8-4e48-9db9-a2ea5c469161 settled: completed after 2907 ms (first assistant text after 2494 ms)
{
  "latestTurn": {
    "turnId": "dcc58fc1-9dd8-4e48-9db9-a2ea5c469161",
    "state": "completed",
    "requestedAt": "2026-09-25T19:31:49.996Z",
    "startedAt": "2026-09-25T19:31:49.996Z",
    "completedAt": "2026-09-25T19:31:52.541Z",
    "assistantMessageId": "assistant:fdb5731a-3fff-4a3e-b7b5-eda167439390"
  },
  "session": {
    "status": "ready",
    "activeTurnId": null,
    "lastError": null
  },
  "messageCount": 2,
  "activityCount": 2,
  "checkpoints": [
    {
      "turnCount": 1,
      "status": "ready",
      "ref": "refs/t3/checkpoints/dGhyZWFkLXRpdGxlLWYwYjEwYTQ3LTEyZWMtNDBlMi1iOTU4LTY4M2YxYjM4ZDZmYQ/turn/1",
      "files": []
    }
  ],
  "pendingApprovals": []
}
